<?xml version="1.0" encoding="utf-8" ?>
<result>
	<row>
		<label>Unknown</label>
		<nb_visits>29</nb_visits>
		<nb_actions>34</nb_actions>
		<max_actions>3</max_actions>
		<sum_visit_length>550</sum_visit_length>
		<bounce_count>25</bounce_count>
		<goals>
			<row idgoal='1'>
				<nb_conversions>25</nb_conversions>
				<nb_visits_converted>25</nb_visits_converted>
				<revenue>125</revenue>
			</row>
		</goals>
		<nb_conversions>25</nb_conversions>
		<revenue>125</revenue>
		<sum_daily_nb_uniq_visitors>28</sum_daily_nb_uniq_visitors>
		<sum_daily_nb_users>2</sum_daily_nb_users>
		<nb_visits_converted>0</nb_visits_converted>
		<city_name>Unknown</city_name>
		<city>xx</city>
		<region>xx</region>
		<country>xx</country>
		<country_name>Unknown</country_name>
		<region_name>Unknown</region_name>
		<logo>plugins/UserCountry/images/flags/xx.png</logo>
	</row>
	<row>
		<label>Ashburn, Virginia, United States</label>
		<nb_visits>5</nb_visits>
		<nb_actions>5</nb_actions>
		<max_actions>1</max_actions>
		<sum_visit_length>0</sum_visit_length>
		<bounce_count>5</bounce_count>
		<goals>
			<row idgoal='1'>
				<nb_conversions>5</nb_conversions>
				<nb_visits_converted>5</nb_visits_converted>
				<revenue>25</revenue>
			</row>
		</goals>
		<nb_conversions>5</nb_conversions>
		<revenue>25</revenue>
		<sum_daily_nb_uniq_visitors>5</sum_daily_nb_uniq_visitors>
		<sum_daily_nb_users>0</sum_daily_nb_users>
		<lat>39.044</lat>
		<long>-77.488</long>
		<segmentFilter>city==Ashburn;regionCode==VA;countryCode==us</segmentFilter>
		<city_name>Ashburn</city_name>
		<region>VA</region>
		<country>us</country>
		<country_name>United States</country_name>
		<region_name>Virginia</region_name>
		<logo>plugins/UserCountry/images/flags/us.png</logo>
	</row>
	<row>
		<label>Igloolik, Nunavut, Canada</label>
		<nb_visits>1</nb_visits>
		<nb_actions>1</nb_actions>
		<max_actions>1</max_actions>
		<sum_visit_length>0</sum_visit_length>
		<bounce_count>1</bounce_count>
		<goals>
			<row idgoal='1'>
				<nb_conversions>1</nb_conversions>
				<nb_visits_converted>1</nb_visits_converted>
				<revenue>5</revenue>
			</row>
		</goals>
		<nb_conversions>1</nb_conversions>
		<revenue>5</revenue>
		<sum_daily_nb_uniq_visitors>1</sum_daily_nb_uniq_visitors>
		<sum_daily_nb_users>0</sum_daily_nb_users>
		<lat>69.4</lat>
		<long>-81.8</long>
		<segmentFilter>city==Igloolik;regionCode==NU;countryCode==ca</segmentFilter>
		<city_name>Igloolik</city_name>
		<region>NU</region>
		<country>ca</country>
		<country_name>Canada</country_name>
		<region_name>Nunavut</region_name>
		<logo>plugins/UserCountry/images/flags/ca.png</logo>
	</row>
</result>