<?xml version="1.0" encoding="utf-8" ?>
<result>
	<row>
		<label>Direct Entry</label>
		<nb_visits>31</nb_visits>
		<nb_actions>35</nb_actions>
		<max_actions>3</max_actions>
		<sum_visit_length>548</sum_visit_length>
		<bounce_count>28</bounce_count>
		<goals>
			<row idgoal='1'>
				<nb_conversions>27</nb_conversions>
				<nb_visits_converted>27</nb_visits_converted>
				<revenue>135</revenue>
			</row>
		</goals>
		<nb_conversions>27</nb_conversions>
		<revenue>135</revenue>
		<sum_daily_nb_uniq_visitors>30</sum_daily_nb_uniq_visitors>
		<sum_daily_nb_users>1</sum_daily_nb_users>
		<nb_visits_converted>0</nb_visits_converted>
	</row>
	<row>
		<label>Websites</label>
		<nb_visits>4</nb_visits>
		<nb_actions>5</nb_actions>
		<max_actions>2</max_actions>
		<sum_visit_length>2</sum_visit_length>
		<bounce_count>3</bounce_count>
		<goals>
			<row idgoal='1'>
				<nb_conversions>4</nb_conversions>
				<nb_visits_converted>4</nb_visits_converted>
				<revenue>20</revenue>
			</row>
		</goals>
		<nb_conversions>4</nb_conversions>
		<revenue>20</revenue>
		<sum_daily_nb_uniq_visitors>4</sum_daily_nb_uniq_visitors>
		<sum_daily_nb_users>1</sum_daily_nb_users>
		<subtable>
			<row>
				<label>example.com</label>
				<nb_visits>1</nb_visits>
				<nb_actions>2</nb_actions>
				<max_actions>2</max_actions>
				<sum_visit_length>2</sum_visit_length>
				<bounce_count>0</bounce_count>
				<goals>
					<row idgoal='1'>
						<nb_conversions>1</nb_conversions>
						<nb_visits_converted>1</nb_visits_converted>
						<revenue>5</revenue>
					</row>
				</goals>
				<nb_conversions>1</nb_conversions>
				<revenue>5</revenue>
				<sum_daily_nb_uniq_visitors>1</sum_daily_nb_uniq_visitors>
				<sum_daily_nb_users>1</sum_daily_nb_users>
				<segmentFilter>referrerName==example.com</segmentFilter>
			</row>
			<row>
				<label>piwik.org</label>
				<nb_visits>1</nb_visits>
				<nb_actions>1</nb_actions>
				<max_actions>1</max_actions>
				<sum_visit_length>0</sum_visit_length>
				<bounce_count>1</bounce_count>
				<goals>
					<row idgoal='1'>
						<nb_conversions>1</nb_conversions>
						<nb_visits_converted>1</nb_visits_converted>
						<revenue>5</revenue>
					</row>
				</goals>
				<nb_conversions>1</nb_conversions>
				<revenue>5</revenue>
				<sum_daily_nb_uniq_visitors>1</sum_daily_nb_uniq_visitors>
				<sum_daily_nb_users>0</sum_daily_nb_users>
				<segmentFilter>referrerName==piwik.org</segmentFilter>
			</row>
			<row>
				<label>sn110w.snt110.mail.live.com</label>
				<nb_visits>1</nb_visits>
				<nb_actions>1</nb_actions>
				<max_actions>1</max_actions>
				<sum_visit_length>0</sum_visit_length>
				<bounce_count>1</bounce_count>
				<goals>
					<row idgoal='1'>
						<nb_conversions>1</nb_conversions>
						<nb_visits_converted>1</nb_visits_converted>
						<revenue>5</revenue>
					</row>
				</goals>
				<nb_conversions>1</nb_conversions>
				<revenue>5</revenue>
				<sum_daily_nb_uniq_visitors>1</sum_daily_nb_uniq_visitors>
				<sum_daily_nb_users>0</sum_daily_nb_users>
				<segmentFilter>referrerName==sn110w.snt110.mail.live.com</segmentFilter>
			</row>
			<row>
				<label>www.test.nl</label>
				<nb_visits>1</nb_visits>
				<nb_actions>1</nb_actions>
				<max_actions>1</max_actions>
				<sum_visit_length>0</sum_visit_length>
				<bounce_count>1</bounce_count>
				<goals>
					<row idgoal='1'>
						<nb_conversions>1</nb_conversions>
						<nb_visits_converted>1</nb_visits_converted>
						<revenue>5</revenue>
					</row>
				</goals>
				<nb_conversions>1</nb_conversions>
				<revenue>5</revenue>
				<sum_daily_nb_uniq_visitors>1</sum_daily_nb_uniq_visitors>
				<sum_daily_nb_users>0</sum_daily_nb_users>
				<segmentFilter>referrerName==www.test.nl</segmentFilter>
			</row>
		</subtable>
	</row>
</result>