<?xml version="1.0" encoding="utf-8" ?>
<result>
	<website>Piwik test</website>
	<prettyDate>3 Jan 10 - 9 Jan 10</prettyDate>
	<metadata>
		<category>Events</category>
		<name>Event Names</name>
		<module>Events</module>
		<action>getName</action>
		<dimension>Event Name</dimension>
		<metrics>
			<nb_events>Total events</nb_events>
			<sum_event_value>Total value</sum_event_value>
			<min_event_value>Minimum value</min_event_value>
			<max_event_value>Maximum value</max_event_value>
			<nb_events_with_value>Events with a value</nb_events_with_value>
		</metrics>
		<metricsDocumentation>
			<nb_events>Total number of events</nb_events>
			<sum_event_value>The sum of event values</sum_event_value>
			<min_event_value>The minimum value for this event</min_event_value>
			<max_event_value>The maximum value for this event</max_event_value>
			<nb_events_with_value>Number of events where an Event value was set</nb_events_with_value>
			<avg_event_value>The average of all values for this event</avg_event_value>
		</metricsDocumentation>
		<processedMetrics>
			<avg_event_value>The average of all values for this event</avg_event_value>
		</processedMetrics>
		<actionToLoadSubTables>getActionFromNameId</actionToLoadSubTables>
		<imageGraphUrl>index.php?module=API&amp;method=ImageGraph.get&amp;idSite=1&amp;apiModule=Events&amp;apiAction=getName&amp;period=range&amp;date=2010-01-03,2010-01-09</imageGraphUrl>
		<imageGraphEvolutionUrl>index.php?module=API&amp;method=ImageGraph.get&amp;idSite=1&amp;apiModule=Events&amp;apiAction=getName&amp;period=day&amp;date=2010-01-03,2010-01-09</imageGraphEvolutionUrl>
		<uniqueId>Events_getName</uniqueId>
	</metadata>
	<columns>
		<label>Event Name</label>
		<nb_events>Total events</nb_events>
		<sum_event_value>Total value</sum_event_value>
		<min_event_value>Minimum value</min_event_value>
		<max_event_value>Maximum value</max_event_value>
		<nb_events_with_value>Events with a value</nb_events_with_value>
		<avg_event_value>The average of all values for this event</avg_event_value>
	</columns>
	<reportData>
		<result prettyDate="Sunday 3 January 2010">
			<row>
				<label>Spirited Away (千と千尋の神隠し)</label>
				<nb_events>16</nb_events>
				<nb_events_with_value>2</nb_events_with_value>
				<sum_event_value>19.32</sum_event_value>
				<min_event_value>0</min_event_value>
				<max_event_value>9.66</max_event_value>
				<avg_event_value>9.66</avg_event_value>
			</row>
			<row>
				<label>La fiancée de l&amp;#039;eau</label>
				<nb_events>14</nb_events>
				<nb_events_with_value>4</nb_events_with_value>
				<sum_event_value>38</sum_event_value>
				<min_event_value>0</min_event_value>
				<max_event_value>10</max_event_value>
				<avg_event_value>9.5</avg_event_value>
			</row>
			<row>
				<label>Event Name not defined</label>
				<nb_events>6</nb_events>
				<nb_events_with_value>0</nb_events_with_value>
				<sum_event_value>0</sum_event_value>
				<min_event_value>0</min_event_value>
				<max_event_value>0</max_event_value>
				<avg_event_value>0</avg_event_value>
			</row>
			<row>
				<label>event name Extremely long Extremely long Extremely long Extremely long Extremely long Extremely long Extremely long Extremely long Extremely long Extremely long ---&gt; SHOULD APPEAR IN TEST OUTPUT NOT TRUNCATED &lt;---</label>
				<nb_events>2</nb_events>
				<nb_events_with_value>2</nb_events_with_value>
				<sum_event_value>19.32</sum_event_value>
				<min_event_value>0</min_event_value>
				<max_event_value>9.66</max_event_value>
				<avg_event_value>9.66</avg_event_value>
			</row>
			<row>
				<label>Ponyo (崖の上のポニョ)</label>
				<nb_events>2</nb_events>
				<nb_events_with_value>0</nb_events_with_value>
				<sum_event_value>0</sum_event_value>
				<min_event_value>0</min_event_value>
				<max_event_value>0</max_event_value>
				<avg_event_value>0</avg_event_value>
			</row>
			<row>
				<label>Princess Mononoke (もののけ姫)</label>
				<nb_events>2</nb_events>
				<nb_events_with_value>0</nb_events_with_value>
				<sum_event_value>0</sum_event_value>
				<min_event_value>0</min_event_value>
				<max_event_value>0</max_event_value>
				<avg_event_value>0</avg_event_value>
			</row>
			<row>
				<label>Search query here</label>
				<nb_events>2</nb_events>
				<nb_events_with_value>0</nb_events_with_value>
				<sum_event_value>0</sum_event_value>
				<min_event_value>0</min_event_value>
				<max_event_value>0</max_event_value>
				<avg_event_value>0</avg_event_value>
			</row>
		</result>
		<result prettyDate="Monday 4 January 2010" />
		<result prettyDate="Tuesday 5 January 2010" />
		<result prettyDate="Wednesday 6 January 2010" />
		<result prettyDate="Thursday 7 January 2010" />
		<result prettyDate="Friday 8 January 2010" />
		<result prettyDate="Saturday 9 January 2010" />
	</reportData>
	<reportMetadata>
		<result prettyDate="Sunday 3 January 2010">
			<row>
				<segmentFilter>eventName==Spirited Away (千と千尋の神隠し)</segmentFilter>
				
			</row>
			<row>
				<segmentFilter>eventName==La fiancée de l%26#039%3Beau</segmentFilter>
				
			</row>
			<row>
				<segmentFilter>eventName==Piwik_EventNameNotSet</segmentFilter>
				
			</row>
			<row>
				<segmentFilter>eventName==event name Extremely long Extremely long Extremely long Extremely long Extremely long Extremely long Extremely long Extremely long Extremely long Extremely long ---%26gt%3B SHOULD APPEAR IN TEST OUTPUT NOT TRUNCATED %26lt%3B---</segmentFilter>
				
			</row>
			<row>
				<segmentFilter>eventName==Ponyo (崖の上のポニョ)</segmentFilter>
				
			</row>
			<row>
				<segmentFilter>eventName==Princess Mononoke (もののけ姫)</segmentFilter>
				
			</row>
			<row>
				<segmentFilter>eventName==Search query here</segmentFilter>
				
			</row>
		</result>
		<result prettyDate="Monday 4 January 2010" />
		<result prettyDate="Tuesday 5 January 2010" />
		<result prettyDate="Wednesday 6 January 2010" />
		<result prettyDate="Thursday 7 January 2010" />
		<result prettyDate="Friday 8 January 2010" />
		<result prettyDate="Saturday 9 January 2010" />
	</reportMetadata>
	<reportTotal>
		<nb_visits>42</nb_visits>
		<nb_uniq_visitors>40</nb_uniq_visitors>
	</reportTotal>
</result>