<?xml version="1.0" encoding="utf-8" ?>
<result>
	<row>
		<label>/index.htm</label>
		<nb_visits>1</nb_visits>
		<nb_hits>1</nb_hits>
		<sum_time_spent>36</sum_time_spent>
		<nb_hits_following_search>1</nb_hits_following_search>
		<sum_daily_nb_uniq_visitors>1</sum_daily_nb_uniq_visitors>
		<avg_time_on_page>36</avg_time_on_page>
		<bounce_rate>0%</bounce_rate>
		<exit_rate>0%</exit_rate>
		<url>http://example.org/index.htm</url>
		<segmentFilter>pageUrl==http://example.org/index.htm</segmentFilter>
	</row>
	<row>
		<label>/index.htm?gkwd=SHOULD be a PageView, NOT a search</label>
		<nb_visits>1</nb_visits>
		<nb_hits>1</nb_hits>
		<sum_time_spent>0</sum_time_spent>
		<exit_nb_visits>1</exit_nb_visits>
		<sum_daily_nb_uniq_visitors>1</sum_daily_nb_uniq_visitors>
		<sum_daily_exit_nb_uniq_visitors>1</sum_daily_exit_nb_uniq_visitors>
		<avg_time_on_page>0</avg_time_on_page>
		<bounce_rate>0%</bounce_rate>
		<exit_rate>100%</exit_rate>
		<url>http://example.org/index.htm?gkwd=SHOULD be a PageView, NOT a search</url>
		<segmentFilter>pageUrl==http://example.org/index.htm?gkwd=SHOULD be a PageView%2C NOT a search</segmentFilter>
	</row>
	<row>
		<label>/index.htm?random=PAGEVIEW, NOT SEARCH&amp;mykwd=&amp;IS_FOLLOWING_SEARCH ONCE</label>
		<nb_visits>1</nb_visits>
		<nb_hits>2</nb_hits>
		<sum_time_spent>216</sum_time_spent>
		<nb_hits_following_search>1</nb_hits_following_search>
		<sum_daily_nb_uniq_visitors>1</sum_daily_nb_uniq_visitors>
		<avg_time_on_page>216</avg_time_on_page>
		<bounce_rate>0%</bounce_rate>
		<exit_rate>0%</exit_rate>
		<url>http://example.org/index.htm?random=PAGEVIEW, NOT SEARCH&amp;mykwd=&amp;IS_FOLLOWING_SEARCH ONCE</url>
		<segmentFilter>pageUrl==http://example.org/index.htm?random=PAGEVIEW%2C NOT SEARCH%26mykwd=%26IS_FOLLOWING_SEARCH ONCE</segmentFilter>
	</row>
</result>