<?xml version="1.0" encoding="utf-8" ?>
<result>
	<row>
		<label>Spirited Away (千と千尋の神隠し)</label>
		<nb_uniq_visitors>12</nb_uniq_visitors>
		<nb_visits>12</nb_visits>
		<nb_events>12</nb_events>
		<nb_events_with_value>0</nb_events_with_value>
		<sum_event_value>0</sum_event_value>
		<min_event_value>0</min_event_value>
		<max_event_value>0</max_event_value>
		<avg_event_value>0</avg_event_value>
		<segmentFilter>eventName==Spirited Away (千と千尋の神隠し)</segmentFilter>
		<subtable>
			<row>
				<label>play25%</label>
				<nb_uniq_visitors>2</nb_uniq_visitors>
				<nb_visits>2</nb_visits>
				<nb_events>2</nb_events>
				<nb_events_with_value>0</nb_events_with_value>
				<sum_event_value>0</sum_event_value>
				<min_event_value>0</min_event_value>
				<max_event_value>0</max_event_value>
				<avg_event_value>0</avg_event_value>
			</row>
			<row>
				<label>play50%</label>
				<nb_uniq_visitors>2</nb_uniq_visitors>
				<nb_visits>2</nb_visits>
				<nb_events>2</nb_events>
				<nb_events_with_value>0</nb_events_with_value>
				<sum_event_value>0</sum_event_value>
				<min_event_value>0</min_event_value>
				<max_event_value>0</max_event_value>
				<avg_event_value>0</avg_event_value>
			</row>
			<row>
				<label>play75%</label>
				<nb_uniq_visitors>2</nb_uniq_visitors>
				<nb_visits>2</nb_visits>
				<nb_events>2</nb_events>
				<nb_events_with_value>0</nb_events_with_value>
				<sum_event_value>0</sum_event_value>
				<min_event_value>0</min_event_value>
				<max_event_value>0</max_event_value>
				<avg_event_value>0</avg_event_value>
			</row>
			<row>
				<label>playEnd</label>
				<nb_uniq_visitors>2</nb_uniq_visitors>
				<nb_visits>2</nb_visits>
				<nb_events>2</nb_events>
				<nb_events_with_value>0</nb_events_with_value>
				<sum_event_value>0</sum_event_value>
				<min_event_value>0</min_event_value>
				<max_event_value>0</max_event_value>
				<avg_event_value>0</avg_event_value>
			</row>
			<row>
				<label>playStart</label>
				<nb_uniq_visitors>2</nb_uniq_visitors>
				<nb_visits>2</nb_visits>
				<nb_events>2</nb_events>
				<nb_events_with_value>0</nb_events_with_value>
				<sum_event_value>0</sum_event_value>
				<min_event_value>0</min_event_value>
				<max_event_value>0</max_event_value>
				<avg_event_value>0</avg_event_value>
			</row>
			<row>
				<label>playTrailer</label>
				<nb_uniq_visitors>2</nb_uniq_visitors>
				<nb_visits>2</nb_visits>
				<nb_events>2</nb_events>
				<nb_events_with_value>0</nb_events_with_value>
				<sum_event_value>0</sum_event_value>
				<min_event_value>0</min_event_value>
				<max_event_value>0</max_event_value>
				<avg_event_value>0</avg_event_value>
			</row>
		</subtable>
	</row>
	<row>
		<label>La fiancée de l&amp;#039;eau</label>
		<nb_uniq_visitors>10</nb_uniq_visitors>
		<nb_visits>10</nb_visits>
		<nb_events>10</nb_events>
		<nb_events_with_value>0</nb_events_with_value>
		<sum_event_value>0</sum_event_value>
		<min_event_value>0</min_event_value>
		<max_event_value>0</max_event_value>
		<avg_event_value>0</avg_event_value>
		<segmentFilter>eventName==La fiancée de l%26#039%3Beau</segmentFilter>
		<subtable>
			<row>
				<label>play</label>
				<nb_uniq_visitors>2</nb_uniq_visitors>
				<nb_visits>2</nb_visits>
				<nb_events>2</nb_events>
				<nb_events_with_value>0</nb_events_with_value>
				<sum_event_value>0</sum_event_value>
				<min_event_value>0</min_event_value>
				<max_event_value>0</max_event_value>
				<avg_event_value>0</avg_event_value>
			</row>
			<row>
				<label>play25%</label>
				<nb_uniq_visitors>2</nb_uniq_visitors>
				<nb_visits>2</nb_visits>
				<nb_events>2</nb_events>
				<nb_events_with_value>0</nb_events_with_value>
				<sum_event_value>0</sum_event_value>
				<min_event_value>0</min_event_value>
				<max_event_value>0</max_event_value>
				<avg_event_value>0</avg_event_value>
			</row>
			<row>
				<label>play50%</label>
				<nb_uniq_visitors>2</nb_uniq_visitors>
				<nb_visits>2</nb_visits>
				<nb_events>2</nb_events>
				<nb_events_with_value>0</nb_events_with_value>
				<sum_event_value>0</sum_event_value>
				<min_event_value>0</min_event_value>
				<max_event_value>0</max_event_value>
				<avg_event_value>0</avg_event_value>
			</row>
			<row>
				<label>play75%</label>
				<nb_uniq_visitors>2</nb_uniq_visitors>
				<nb_visits>2</nb_visits>
				<nb_events>2</nb_events>
				<nb_events_with_value>0</nb_events_with_value>
				<sum_event_value>0</sum_event_value>
				<min_event_value>0</min_event_value>
				<max_event_value>0</max_event_value>
				<avg_event_value>0</avg_event_value>
			</row>
			<row>
				<label>playEnd</label>
				<nb_uniq_visitors>2</nb_uniq_visitors>
				<nb_visits>2</nb_visits>
				<nb_events>2</nb_events>
				<nb_events_with_value>0</nb_events_with_value>
				<sum_event_value>0</sum_event_value>
				<min_event_value>0</min_event_value>
				<max_event_value>0</max_event_value>
				<avg_event_value>0</avg_event_value>
			</row>
		</subtable>
	</row>
	<row>
		<label>Ponyo (崖の上のポニョ)</label>
		<nb_uniq_visitors>2</nb_uniq_visitors>
		<nb_visits>2</nb_visits>
		<nb_events>2</nb_events>
		<nb_events_with_value>0</nb_events_with_value>
		<sum_event_value>0</sum_event_value>
		<min_event_value>0</min_event_value>
		<max_event_value>0</max_event_value>
		<avg_event_value>0</avg_event_value>
		<segmentFilter>eventName==Ponyo (崖の上のポニョ)</segmentFilter>
		<subtable>
			<row>
				<label>playTrailer</label>
				<nb_uniq_visitors>2</nb_uniq_visitors>
				<nb_visits>2</nb_visits>
				<nb_events>2</nb_events>
				<nb_events_with_value>0</nb_events_with_value>
				<sum_event_value>0</sum_event_value>
				<min_event_value>0</min_event_value>
				<max_event_value>0</max_event_value>
				<avg_event_value>0</avg_event_value>
			</row>
		</subtable>
	</row>
	<row>
		<label>Princess Mononoke (もののけ姫)</label>
		<nb_uniq_visitors>2</nb_uniq_visitors>
		<nb_visits>2</nb_visits>
		<nb_events>2</nb_events>
		<nb_events_with_value>0</nb_events_with_value>
		<sum_event_value>0</sum_event_value>
		<min_event_value>0</min_event_value>
		<max_event_value>0</max_event_value>
		<avg_event_value>0</avg_event_value>
		<segmentFilter>eventName==Princess Mononoke (もののけ姫)</segmentFilter>
		<subtable>
			<row>
				<label>playTrailer</label>
				<nb_uniq_visitors>2</nb_uniq_visitors>
				<nb_visits>2</nb_visits>
				<nb_events>2</nb_events>
				<nb_events_with_value>0</nb_events_with_value>
				<sum_event_value>0</sum_event_value>
				<min_event_value>0</min_event_value>
				<max_event_value>0</max_event_value>
				<avg_event_value>0</avg_event_value>
			</row>
		</subtable>
	</row>
</result>