<?xml version="1.0" encoding="utf-8" ?>
<result>
	<row>
		<label>Desktop</label>
		<nb_visits>28</nb_visits>
		<nb_actions>32</nb_actions>
		<max_actions>3</max_actions>
		<sum_visit_length>548</sum_visit_length>
		<bounce_count>25</bounce_count>
		<nb_visits_converted>27</nb_visits_converted>
		<sum_daily_nb_uniq_visitors>27</sum_daily_nb_uniq_visitors>
		<sum_daily_nb_users>1</sum_daily_nb_users>
		<segmentFilter>deviceType==desktop</segmentFilter>
		<logo>plugins/DevicesDetection/images/screens/normal.gif</logo>
	</row>
	<row>
		<label>Unknown</label>
		<nb_visits>4</nb_visits>
		<nb_actions>4</nb_actions>
		<max_actions>1</max_actions>
		<sum_visit_length>0</sum_visit_length>
		<bounce_count>4</bounce_count>
		<nb_visits_converted>1</nb_visits_converted>
		<sum_daily_nb_uniq_visitors>4</sum_daily_nb_uniq_visitors>
		<sum_daily_nb_users>0</sum_daily_nb_users>
		<logo>plugins/DevicesDetection/images/screens/unknown.gif</logo>
	</row>
	<row>
		<label>Smartphone</label>
		<nb_visits>3</nb_visits>
		<nb_actions>4</nb_actions>
		<max_actions>2</max_actions>
		<sum_visit_length>2</sum_visit_length>
		<bounce_count>2</bounce_count>
		<nb_visits_converted>3</nb_visits_converted>
		<sum_daily_nb_uniq_visitors>3</sum_daily_nb_uniq_visitors>
		<sum_daily_nb_users>1</sum_daily_nb_users>
		<segmentFilter>deviceType==smartphone</segmentFilter>
		<logo>plugins/DevicesDetection/images/screens/smartphone.png</logo>
	</row>
	<row>
		<label>Tablet</label>
		<nb_visits>0</nb_visits>
		<segmentFilter>deviceType==tablet</segmentFilter>
		<logo>plugins/DevicesDetection/images/screens/tablet.png</logo>
	</row>
	<row>
		<label>Feature phone</label>
		<nb_visits>0</nb_visits>
		<segmentFilter>deviceType==feature phone</segmentFilter>
		<logo>plugins/DevicesDetection/images/screens/mobile.gif</logo>
	</row>
	<row>
		<label>Console</label>
		<nb_visits>0</nb_visits>
		<segmentFilter>deviceType==console</segmentFilter>
		<logo>plugins/DevicesDetection/images/screens/console.gif</logo>
	</row>
	<row>
		<label>Tv</label>
		<nb_visits>0</nb_visits>
		<segmentFilter>deviceType==tv</segmentFilter>
		<logo>plugins/DevicesDetection/images/screens/tv.png</logo>
	</row>
	<row>
		<label>Car browser</label>
		<nb_visits>0</nb_visits>
		<segmentFilter>deviceType==car browser</segmentFilter>
		<logo>plugins/DevicesDetection/images/screens/carbrowser.png</logo>
	</row>
	<row>
		<label>Smart display</label>
		<nb_visits>0</nb_visits>
		<segmentFilter>deviceType==smart display</segmentFilter>
		<logo>plugins/DevicesDetection/images/screens/unknown.gif</logo>
	</row>
	<row>
		<label>Camera</label>
		<nb_visits>0</nb_visits>
		<segmentFilter>deviceType==camera</segmentFilter>
		<logo>plugins/DevicesDetection/images/screens/camera.png</logo>
	</row>
	<row>
		<label>Portable media player</label>
		<nb_visits>0</nb_visits>
		<segmentFilter>deviceType==portable media player</segmentFilter>
		<logo>plugins/DevicesDetection/images/screens/unknown.gif</logo>
	</row>
</result>