[{"label":"this search term","1.\u00a0Toronto, Ontario, Canada":false,"2.\u00a0Yokohama, Kanagawa, Japan":1,"3.\u00a0Melbourne, Victoria, Australia":2,"segmentFilter":"referrerKeyword==this search term"},{"label":"search term 2","1.\u00a0Toronto, Ontario, Canada":false,"2.\u00a0Yokohama, Kanagawa, Japan":2,"3.\u00a0Melbourne, Victoria, Australia":false,"segmentFilter":"referrerKeyword==search term 2"},{"label":"search term 3","1.\u00a0Toronto, Ontario, Canada":2,"2.\u00a0Yokohama, Kanagawa, Japan":false,"3.\u00a0Melbourne, Victoria, Australia":false,"segmentFilter":"referrerKeyword==search term 3"},{"label":"search term 4","1.\u00a0Toronto, Ontario, Canada":2,"2.\u00a0Yokohama, Kanagawa, Japan":false,"3.\u00a0Melbourne, Victoria, Australia":false,"segmentFilter":"referrerKeyword==search term 4"},{"label":"that search term","1.\u00a0Toronto, Ontario, Canada":false,"2.\u00a0Yokohama, Kanagawa, Japan":false,"3.\u00a0Melbourne, Victoria, Australia":2,"segmentFilter":"referrerKeyword==that search term"},{"label":"search term 1","1.\u00a0Toronto, Ontario, Canada":false,"2.\u00a0Yokohama, Kanagawa, Japan":1,"3.\u00a0Melbourne, Victoria, Australia":false,"segmentFilter":"referrerKeyword==search term 1"}]