<?xml version="1.0" encoding="utf-8" ?>
<result>
	<row>
		<label>0h</label>
		<nb_uniq_visitors>0</nb_uniq_visitors>
		<nb_visits>0</nb_visits>
		<nb_actions>0</nb_actions>
		<nb_users>0</nb_users>
		<max_actions>0</max_actions>
		<sum_visit_length>0</sum_visit_length>
		<bounce_count>0</bounce_count>
		<nb_visits_converted>0</nb_visits_converted>
		<segmentFilter>visitLocalHour==0</segmentFilter>
	</row>
	<row>
		<label>1h</label>
		<nb_uniq_visitors>0</nb_uniq_visitors>
		<nb_visits>0</nb_visits>
		<nb_actions>0</nb_actions>
		<nb_users>0</nb_users>
		<max_actions>0</max_actions>
		<sum_visit_length>0</sum_visit_length>
		<bounce_count>0</bounce_count>
		<nb_visits_converted>0</nb_visits_converted>
		<segmentFilter>visitLocalHour==1</segmentFilter>
	</row>
	<row>
		<label>2h</label>
		<nb_uniq_visitors>0</nb_uniq_visitors>
		<nb_visits>0</nb_visits>
		<nb_actions>0</nb_actions>
		<nb_users>0</nb_users>
		<max_actions>0</max_actions>
		<sum_visit_length>0</sum_visit_length>
		<bounce_count>0</bounce_count>
		<nb_visits_converted>0</nb_visits_converted>
		<segmentFilter>visitLocalHour==2</segmentFilter>
	</row>
	<row>
		<label>3h</label>
		<nb_uniq_visitors>0</nb_uniq_visitors>
		<nb_visits>0</nb_visits>
		<nb_actions>0</nb_actions>
		<nb_users>0</nb_users>
		<max_actions>0</max_actions>
		<sum_visit_length>0</sum_visit_length>
		<bounce_count>0</bounce_count>
		<nb_visits_converted>0</nb_visits_converted>
		<segmentFilter>visitLocalHour==3</segmentFilter>
	</row>
	<row>
		<label>4h</label>
		<nb_uniq_visitors>0</nb_uniq_visitors>
		<nb_visits>0</nb_visits>
		<nb_actions>0</nb_actions>
		<nb_users>0</nb_users>
		<max_actions>0</max_actions>
		<sum_visit_length>0</sum_visit_length>
		<bounce_count>0</bounce_count>
		<nb_visits_converted>0</nb_visits_converted>
		<segmentFilter>visitLocalHour==4</segmentFilter>
	</row>
	<row>
		<label>5h</label>
		<nb_uniq_visitors>0</nb_uniq_visitors>
		<nb_visits>0</nb_visits>
		<nb_actions>0</nb_actions>
		<nb_users>0</nb_users>
		<max_actions>0</max_actions>
		<sum_visit_length>0</sum_visit_length>
		<bounce_count>0</bounce_count>
		<nb_visits_converted>0</nb_visits_converted>
		<segmentFilter>visitLocalHour==5</segmentFilter>
	</row>
	<row>
		<label>6h</label>
		<nb_uniq_visitors>0</nb_uniq_visitors>
		<nb_visits>0</nb_visits>
		<nb_actions>0</nb_actions>
		<nb_users>0</nb_users>
		<max_actions>0</max_actions>
		<sum_visit_length>0</sum_visit_length>
		<bounce_count>0</bounce_count>
		<nb_visits_converted>0</nb_visits_converted>
		<segmentFilter>visitLocalHour==6</segmentFilter>
	</row>
	<row>
		<label>7h</label>
		<nb_uniq_visitors>0</nb_uniq_visitors>
		<nb_visits>0</nb_visits>
		<nb_actions>0</nb_actions>
		<nb_users>0</nb_users>
		<max_actions>0</max_actions>
		<sum_visit_length>0</sum_visit_length>
		<bounce_count>0</bounce_count>
		<nb_visits_converted>0</nb_visits_converted>
		<segmentFilter>visitLocalHour==7</segmentFilter>
	</row>
	<row>
		<label>8h</label>
		<nb_uniq_visitors>0</nb_uniq_visitors>
		<nb_visits>0</nb_visits>
		<nb_actions>0</nb_actions>
		<nb_users>0</nb_users>
		<max_actions>0</max_actions>
		<sum_visit_length>0</sum_visit_length>
		<bounce_count>0</bounce_count>
		<nb_visits_converted>0</nb_visits_converted>
		<segmentFilter>visitLocalHour==8</segmentFilter>
	</row>
	<row>
		<label>9h</label>
		<nb_uniq_visitors>0</nb_uniq_visitors>
		<nb_visits>0</nb_visits>
		<nb_actions>0</nb_actions>
		<nb_users>0</nb_users>
		<max_actions>0</max_actions>
		<sum_visit_length>0</sum_visit_length>
		<bounce_count>0</bounce_count>
		<nb_visits_converted>0</nb_visits_converted>
		<segmentFilter>visitLocalHour==9</segmentFilter>
	</row>
	<row>
		<label>10h</label>
		<nb_uniq_visitors>0</nb_uniq_visitors>
		<nb_visits>0</nb_visits>
		<nb_actions>0</nb_actions>
		<nb_users>0</nb_users>
		<max_actions>0</max_actions>
		<sum_visit_length>0</sum_visit_length>
		<bounce_count>0</bounce_count>
		<nb_visits_converted>0</nb_visits_converted>
		<segmentFilter>visitLocalHour==10</segmentFilter>
	</row>
	<row>
		<label>11h</label>
		<nb_uniq_visitors>0</nb_uniq_visitors>
		<nb_visits>0</nb_visits>
		<nb_actions>0</nb_actions>
		<nb_users>0</nb_users>
		<max_actions>0</max_actions>
		<sum_visit_length>0</sum_visit_length>
		<bounce_count>0</bounce_count>
		<nb_visits_converted>0</nb_visits_converted>
		<segmentFilter>visitLocalHour==11</segmentFilter>
	</row>
	<row>
		<label>12h</label>
		<nb_uniq_visitors>1</nb_uniq_visitors>
		<nb_visits>2</nb_visits>
		<nb_actions>9</nb_actions>
		<nb_users>0</nb_users>
		<max_actions>8</max_actions>
		<sum_visit_length>1621</sum_visit_length>
		<bounce_count>1</bounce_count>
		<nb_visits_converted>2</nb_visits_converted>
		<segmentFilter>visitLocalHour==12</segmentFilter>
	</row>
	<row>
		<label>13h</label>
		<nb_uniq_visitors>0</nb_uniq_visitors>
		<nb_visits>0</nb_visits>
		<nb_actions>0</nb_actions>
		<nb_users>0</nb_users>
		<max_actions>0</max_actions>
		<sum_visit_length>0</sum_visit_length>
		<bounce_count>0</bounce_count>
		<nb_visits_converted>0</nb_visits_converted>
		<segmentFilter>visitLocalHour==13</segmentFilter>
	</row>
	<row>
		<label>14h</label>
		<nb_uniq_visitors>0</nb_uniq_visitors>
		<nb_visits>0</nb_visits>
		<nb_actions>0</nb_actions>
		<nb_users>0</nb_users>
		<max_actions>0</max_actions>
		<sum_visit_length>0</sum_visit_length>
		<bounce_count>0</bounce_count>
		<nb_visits_converted>0</nb_visits_converted>
		<segmentFilter>visitLocalHour==14</segmentFilter>
	</row>
	<row>
		<label>15h</label>
		<nb_uniq_visitors>0</nb_uniq_visitors>
		<nb_visits>0</nb_visits>
		<nb_actions>0</nb_actions>
		<nb_users>0</nb_users>
		<max_actions>0</max_actions>
		<sum_visit_length>0</sum_visit_length>
		<bounce_count>0</bounce_count>
		<nb_visits_converted>0</nb_visits_converted>
		<segmentFilter>visitLocalHour==15</segmentFilter>
	</row>
	<row>
		<label>16h</label>
		<nb_uniq_visitors>0</nb_uniq_visitors>
		<nb_visits>0</nb_visits>
		<nb_actions>0</nb_actions>
		<nb_users>0</nb_users>
		<max_actions>0</max_actions>
		<sum_visit_length>0</sum_visit_length>
		<bounce_count>0</bounce_count>
		<nb_visits_converted>0</nb_visits_converted>
		<segmentFilter>visitLocalHour==16</segmentFilter>
	</row>
	<row>
		<label>17h</label>
		<nb_uniq_visitors>0</nb_uniq_visitors>
		<nb_visits>0</nb_visits>
		<nb_actions>0</nb_actions>
		<nb_users>0</nb_users>
		<max_actions>0</max_actions>
		<sum_visit_length>0</sum_visit_length>
		<bounce_count>0</bounce_count>
		<nb_visits_converted>0</nb_visits_converted>
		<segmentFilter>visitLocalHour==17</segmentFilter>
	</row>
	<row>
		<label>18h</label>
		<nb_uniq_visitors>0</nb_uniq_visitors>
		<nb_visits>0</nb_visits>
		<nb_actions>0</nb_actions>
		<nb_users>0</nb_users>
		<max_actions>0</max_actions>
		<sum_visit_length>0</sum_visit_length>
		<bounce_count>0</bounce_count>
		<nb_visits_converted>0</nb_visits_converted>
		<segmentFilter>visitLocalHour==18</segmentFilter>
	</row>
	<row>
		<label>19h</label>
		<nb_uniq_visitors>0</nb_uniq_visitors>
		<nb_visits>0</nb_visits>
		<nb_actions>0</nb_actions>
		<nb_users>0</nb_users>
		<max_actions>0</max_actions>
		<sum_visit_length>0</sum_visit_length>
		<bounce_count>0</bounce_count>
		<nb_visits_converted>0</nb_visits_converted>
		<segmentFilter>visitLocalHour==19</segmentFilter>
	</row>
	<row>
		<label>20h</label>
		<nb_uniq_visitors>0</nb_uniq_visitors>
		<nb_visits>0</nb_visits>
		<nb_actions>0</nb_actions>
		<nb_users>0</nb_users>
		<max_actions>0</max_actions>
		<sum_visit_length>0</sum_visit_length>
		<bounce_count>0</bounce_count>
		<nb_visits_converted>0</nb_visits_converted>
		<segmentFilter>visitLocalHour==20</segmentFilter>
	</row>
	<row>
		<label>21h</label>
		<nb_uniq_visitors>0</nb_uniq_visitors>
		<nb_visits>0</nb_visits>
		<nb_actions>0</nb_actions>
		<nb_users>0</nb_users>
		<max_actions>0</max_actions>
		<sum_visit_length>0</sum_visit_length>
		<bounce_count>0</bounce_count>
		<nb_visits_converted>0</nb_visits_converted>
		<segmentFilter>visitLocalHour==21</segmentFilter>
	</row>
	<row>
		<label>22h</label>
		<nb_uniq_visitors>0</nb_uniq_visitors>
		<nb_visits>0</nb_visits>
		<nb_actions>0</nb_actions>
		<nb_users>0</nb_users>
		<max_actions>0</max_actions>
		<sum_visit_length>0</sum_visit_length>
		<bounce_count>0</bounce_count>
		<nb_visits_converted>0</nb_visits_converted>
		<segmentFilter>visitLocalHour==22</segmentFilter>
	</row>
	<row>
		<label>23h</label>
		<nb_uniq_visitors>0</nb_uniq_visitors>
		<nb_visits>0</nb_visits>
		<nb_actions>0</nb_actions>
		<nb_users>0</nb_users>
		<max_actions>0</max_actions>
		<sum_visit_length>0</sum_visit_length>
		<bounce_count>0</bounce_count>
		<nb_visits_converted>0</nb_visits_converted>
		<segmentFilter>visitLocalHour==23</segmentFilter>
	</row>
</result>