<?xml version="1.0" encoding="utf-8" ?>
<result>
	<row>
		<label>WebKit (Safari, Chrome)</label>
		<nb_visits>17</nb_visits>
		<nb_actions>20</nb_actions>
		<max_actions>3</max_actions>
		<sum_visit_length>305</sum_visit_length>
		<bounce_count>15</bounce_count>
		<nb_visits_converted>16</nb_visits_converted>
		<sum_daily_nb_uniq_visitors>17</sum_daily_nb_uniq_visitors>
		<sum_daily_nb_users>0</sum_daily_nb_users>
		<segmentFilter>browserEngine==WebKit</segmentFilter>
	</row>
	<row>
		<label>Trident (IE)</label>
		<nb_visits>7</nb_visits>
		<nb_actions>8</nb_actions>
		<max_actions>2</max_actions>
		<sum_visit_length>242</sum_visit_length>
		<bounce_count>6</bounce_count>
		<nb_visits_converted>7</nb_visits_converted>
		<sum_daily_nb_uniq_visitors>7</sum_daily_nb_uniq_visitors>
		<sum_daily_nb_users>0</sum_daily_nb_users>
		<segmentFilter>browserEngine==Trident</segmentFilter>
	</row>
	<row>
		<label>Unknown</label>
		<nb_visits>5</nb_visits>
		<nb_actions>5</nb_actions>
		<max_actions>1</max_actions>
		<sum_visit_length>0</sum_visit_length>
		<bounce_count>5</bounce_count>
		<nb_visits_converted>2</nb_visits_converted>
		<sum_daily_nb_uniq_visitors>5</sum_daily_nb_uniq_visitors>
		<sum_daily_nb_users>0</sum_daily_nb_users>
		<segmentFilter>browserEngine==</segmentFilter>
	</row>
	<row>
		<label>Blink (Chrome, Opera)</label>
		<nb_visits>4</nb_visits>
		<nb_actions>5</nb_actions>
		<max_actions>2</max_actions>
		<sum_visit_length>3</sum_visit_length>
		<bounce_count>3</bounce_count>
		<nb_visits_converted>4</nb_visits_converted>
		<sum_daily_nb_uniq_visitors>3</sum_daily_nb_uniq_visitors>
		<sum_daily_nb_users>2</sum_daily_nb_users>
		<segmentFilter>browserEngine==Blink</segmentFilter>
	</row>
	<row>
		<label>Gecko (Firefox)</label>
		<nb_visits>2</nb_visits>
		<nb_actions>2</nb_actions>
		<max_actions>1</max_actions>
		<sum_visit_length>0</sum_visit_length>
		<bounce_count>2</bounce_count>
		<nb_visits_converted>2</nb_visits_converted>
		<sum_daily_nb_uniq_visitors>2</sum_daily_nb_uniq_visitors>
		<sum_daily_nb_users>0</sum_daily_nb_users>
		<segmentFilter>browserEngine==Gecko</segmentFilter>
	</row>
</result>