<?xml version="1.0" encoding="utf-8" ?>
<result>
	<row>
		<label>Japan</label>
		<nb_visits>11</nb_visits>
		<nb_actions>14</nb_actions>
		<max_actions>3</max_actions>
		<sum_visit_length>305</sum_visit_length>
		<bounce_count>9</bounce_count>
		<goals>
			<row idgoal='1'>
				<nb_conversions>10</nb_conversions>
				<nb_visits_converted>10</nb_visits_converted>
				<revenue>50</revenue>
			</row>
		</goals>
		<nb_conversions>10</nb_conversions>
		<revenue>50</revenue>
		<sum_daily_nb_uniq_visitors>11</sum_daily_nb_uniq_visitors>
		<sum_daily_nb_users>0</sum_daily_nb_users>
		<code>jp</code>
		<logo>plugins/UserCountry/images/flags/jp.png</logo>
		<logoWidth>16</logoWidth>
		<logoHeight>11</logoHeight>
		<segmentFilter>countryCode==jp</segmentFilter>
	</row>
	<row>
		<label>Unknown</label>
		<nb_visits>11</nb_visits>
		<nb_actions>12</nb_actions>
		<max_actions>2</max_actions>
		<sum_visit_length>242</sum_visit_length>
		<bounce_count>10</bounce_count>
		<goals>
			<row idgoal='1'>
				<nb_conversions>9</nb_conversions>
				<nb_visits_converted>9</nb_visits_converted>
				<revenue>45</revenue>
			</row>
		</goals>
		<nb_conversions>9</nb_conversions>
		<revenue>45</revenue>
		<sum_daily_nb_uniq_visitors>11</sum_daily_nb_uniq_visitors>
		<sum_daily_nb_users>0</sum_daily_nb_users>
		<nb_visits_converted>0</nb_visits_converted>
		<code>xx</code>
		<logo>plugins/UserCountry/images/flags/xx.png</logo>
		<logoWidth>16</logoWidth>
		<logoHeight>11</logoHeight>
		<segmentFilter>countryCode==xx</segmentFilter>
	</row>
	<row>
		<label>United States</label>
		<nb_visits>8</nb_visits>
		<nb_actions>9</nb_actions>
		<max_actions>2</max_actions>
		<sum_visit_length>3</sum_visit_length>
		<bounce_count>7</bounce_count>
		<goals>
			<row idgoal='1'>
				<nb_conversions>8</nb_conversions>
				<nb_visits_converted>8</nb_visits_converted>
				<revenue>40</revenue>
			</row>
		</goals>
		<nb_conversions>8</nb_conversions>
		<revenue>40</revenue>
		<sum_daily_nb_uniq_visitors>7</sum_daily_nb_uniq_visitors>
		<sum_daily_nb_users>2</sum_daily_nb_users>
		<code>us</code>
		<logo>plugins/UserCountry/images/flags/us.png</logo>
		<logoWidth>16</logoWidth>
		<logoHeight>11</logoHeight>
		<segmentFilter>countryCode==us</segmentFilter>
	</row>
	<row>
		<label>Brazil</label>
		<nb_visits>3</nb_visits>
		<nb_actions>3</nb_actions>
		<max_actions>1</max_actions>
		<sum_visit_length>0</sum_visit_length>
		<bounce_count>3</bounce_count>
		<goals>
			<row idgoal='1'>
				<nb_conversions>3</nb_conversions>
				<nb_visits_converted>3</nb_visits_converted>
				<revenue>15</revenue>
			</row>
		</goals>
		<nb_conversions>3</nb_conversions>
		<revenue>15</revenue>
		<sum_daily_nb_uniq_visitors>3</sum_daily_nb_uniq_visitors>
		<sum_daily_nb_users>0</sum_daily_nb_users>
		<code>br</code>
		<logo>plugins/UserCountry/images/flags/br.png</logo>
		<logoWidth>16</logoWidth>
		<logoHeight>11</logoHeight>
		<segmentFilter>countryCode==br</segmentFilter>
	</row>
	<row>
		<label>Australia</label>
		<nb_visits>1</nb_visits>
		<nb_actions>1</nb_actions>
		<max_actions>1</max_actions>
		<sum_visit_length>0</sum_visit_length>
		<bounce_count>1</bounce_count>
		<nb_visits_converted>0</nb_visits_converted>
		<sum_daily_nb_uniq_visitors>1</sum_daily_nb_uniq_visitors>
		<sum_daily_nb_users>0</sum_daily_nb_users>
		<code>au</code>
		<logo>plugins/UserCountry/images/flags/au.png</logo>
		<logoWidth>16</logoWidth>
		<logoHeight>11</logoHeight>
		<segmentFilter>countryCode==au</segmentFilter>
	</row>
	<row>
		<label>Canada</label>
		<nb_visits>1</nb_visits>
		<nb_actions>1</nb_actions>
		<max_actions>1</max_actions>
		<sum_visit_length>0</sum_visit_length>
		<bounce_count>1</bounce_count>
		<goals>
			<row idgoal='1'>
				<nb_conversions>1</nb_conversions>
				<nb_visits_converted>1</nb_visits_converted>
				<revenue>5</revenue>
			</row>
		</goals>
		<nb_conversions>1</nb_conversions>
		<revenue>5</revenue>
		<sum_daily_nb_uniq_visitors>1</sum_daily_nb_uniq_visitors>
		<sum_daily_nb_users>0</sum_daily_nb_users>
		<code>ca</code>
		<logo>plugins/UserCountry/images/flags/ca.png</logo>
		<logoWidth>16</logoWidth>
		<logoHeight>11</logoHeight>
		<segmentFilter>countryCode==ca</segmentFilter>
	</row>
</result>