<?xml version="1.0" encoding="utf-8" ?>
<result>
	<website>Site 1</website>
	<prettyDate>Sunday 3 January 2010</prettyDate>
	<metadata>
		<category>Visits Summary</category>
		<name>Visits by Server Time</name>
		<module>VisitTime</module>
		<action>getVisitInformationPerServerTime</action>
		<dimension>Server time</dimension>
		<documentation>This graph shows what time it was in the &lt;strong&gt; server's time zone &lt;/strong&gt; during the visits.</documentation>
		<metrics>
			<nb_visits>Visits</nb_visits>
			<nb_uniq_visitors>Unique visitors</nb_uniq_visitors>
			<nb_actions>Actions</nb_actions>
			<nb_users>Users</nb_users>
		</metrics>
		<metricsDocumentation>
			<nb_visits>If a visitor comes to your website for the first time or if he visits a page more than 30 minutes after his last page view, this will be recorded as a new visit.</nb_visits>
			<nb_uniq_visitors>The number of unduplicated visitors coming to your website. Every user is only counted once, even if he visits the website multiple times a day.</nb_uniq_visitors>
			<nb_actions>The number of actions performed by your visitors. Actions can be page views, internal site searches, downloads or outlinks.</nb_actions>
			<nb_users>The number of users logged in your website. It is the number of unique active users that have a User ID set (via the Tracking code function 'setUserId').</nb_users>
		</metricsDocumentation>
		<processedMetrics>
			<nb_actions_per_visit>Actions per Visit</nb_actions_per_visit>
			<avg_time_on_site>Avg. Time on Website</avg_time_on_site>
			<bounce_rate>Bounce Rate</bounce_rate>
		</processedMetrics>
		<constantRowsCount>1</constantRowsCount>
		<metricsGoal>
			<nb_conversions>Conversions</nb_conversions>
			<revenue>Revenue</revenue>
		</metricsGoal>
		<processedMetricsGoal>
			<revenue_per_visit>Revenue per Visit</revenue_per_visit>
		</processedMetricsGoal>
		<imageGraphUrl>index.php?module=API&amp;method=ImageGraph.get&amp;idSite=1&amp;apiModule=VisitTime&amp;apiAction=getVisitInformationPerServerTime&amp;period=day&amp;date=2010-01-03</imageGraphUrl>
		<uniqueId>VisitTime_getVisitInformationPerServerTime</uniqueId>
	</metadata>
	<columns>
		<label>Server time</label>
		<nb_visits>Visits</nb_visits>
		<nb_uniq_visitors>Unique visitors</nb_uniq_visitors>
		<nb_actions>Actions</nb_actions>
		<nb_users>Users</nb_users>
		<nb_actions_per_visit>Actions per Visit</nb_actions_per_visit>
		<avg_time_on_site>Avg. Time on Website</avg_time_on_site>
		<bounce_rate>Bounce Rate</bounce_rate>
		<revenue>Revenue</revenue>
	</columns>
	<reportData>
		<row>
			<label>12h</label>
			<nb_uniq_visitors>4</nb_uniq_visitors>
			<nb_visits>4</nb_visits>
			<nb_actions>12</nb_actions>
			<nb_users>0</nb_users>
			<revenue>$ 40</revenue>
			<nb_actions_per_visit>3</nb_actions_per_visit>
			<avg_time_on_site>00:21:01</avg_time_on_site>
			<bounce_rate>0%</bounce_rate>
		</row>
		<row>
			<label>11h</label>
			<nb_uniq_visitors>4</nb_uniq_visitors>
			<nb_visits>4</nb_visits>
			<nb_actions>4</nb_actions>
			<nb_users>0</nb_users>
			<revenue>$ 20</revenue>
			<nb_actions_per_visit>1</nb_actions_per_visit>
			<avg_time_on_site>00:00:00</avg_time_on_site>
			<bounce_rate>100%</bounce_rate>
		</row>
		<row>
			<label>0h</label>
			<nb_uniq_visitors>0</nb_uniq_visitors>
			<nb_visits>0</nb_visits>
			<nb_actions>0</nb_actions>
			<nb_users>0</nb_users>
			<nb_actions_per_visit>0</nb_actions_per_visit>
			<avg_time_on_site>00:00:00</avg_time_on_site>
			<bounce_rate>0%</bounce_rate>
			<revenue>$ 0</revenue>
		</row>
		<row>
			<label>1h</label>
			<nb_uniq_visitors>0</nb_uniq_visitors>
			<nb_visits>0</nb_visits>
			<nb_actions>0</nb_actions>
			<nb_users>0</nb_users>
			<nb_actions_per_visit>0</nb_actions_per_visit>
			<avg_time_on_site>00:00:00</avg_time_on_site>
			<bounce_rate>0%</bounce_rate>
			<revenue>$ 0</revenue>
		</row>
		<row>
			<label>2h</label>
			<nb_uniq_visitors>0</nb_uniq_visitors>
			<nb_visits>0</nb_visits>
			<nb_actions>0</nb_actions>
			<nb_users>0</nb_users>
			<nb_actions_per_visit>0</nb_actions_per_visit>
			<avg_time_on_site>00:00:00</avg_time_on_site>
			<bounce_rate>0%</bounce_rate>
			<revenue>$ 0</revenue>
		</row>
		<row>
			<label>3h</label>
			<nb_uniq_visitors>0</nb_uniq_visitors>
			<nb_visits>0</nb_visits>
			<nb_actions>0</nb_actions>
			<nb_users>0</nb_users>
			<nb_actions_per_visit>0</nb_actions_per_visit>
			<avg_time_on_site>00:00:00</avg_time_on_site>
			<bounce_rate>0%</bounce_rate>
			<revenue>$ 0</revenue>
		</row>
		<row>
			<label>4h</label>
			<nb_uniq_visitors>0</nb_uniq_visitors>
			<nb_visits>0</nb_visits>
			<nb_actions>0</nb_actions>
			<nb_users>0</nb_users>
			<nb_actions_per_visit>0</nb_actions_per_visit>
			<avg_time_on_site>00:00:00</avg_time_on_site>
			<bounce_rate>0%</bounce_rate>
			<revenue>$ 0</revenue>
		</row>
		<row>
			<label>5h</label>
			<nb_uniq_visitors>0</nb_uniq_visitors>
			<nb_visits>0</nb_visits>
			<nb_actions>0</nb_actions>
			<nb_users>0</nb_users>
			<nb_actions_per_visit>0</nb_actions_per_visit>
			<avg_time_on_site>00:00:00</avg_time_on_site>
			<bounce_rate>0%</bounce_rate>
			<revenue>$ 0</revenue>
		</row>
		<row>
			<label>6h</label>
			<nb_uniq_visitors>0</nb_uniq_visitors>
			<nb_visits>0</nb_visits>
			<nb_actions>0</nb_actions>
			<nb_users>0</nb_users>
			<nb_actions_per_visit>0</nb_actions_per_visit>
			<avg_time_on_site>00:00:00</avg_time_on_site>
			<bounce_rate>0%</bounce_rate>
			<revenue>$ 0</revenue>
		</row>
		<row>
			<label>7h</label>
			<nb_uniq_visitors>0</nb_uniq_visitors>
			<nb_visits>0</nb_visits>
			<nb_actions>0</nb_actions>
			<nb_users>0</nb_users>
			<nb_actions_per_visit>0</nb_actions_per_visit>
			<avg_time_on_site>00:00:00</avg_time_on_site>
			<bounce_rate>0%</bounce_rate>
			<revenue>$ 0</revenue>
		</row>
		<row>
			<label>8h</label>
			<nb_uniq_visitors>0</nb_uniq_visitors>
			<nb_visits>0</nb_visits>
			<nb_actions>0</nb_actions>
			<nb_users>0</nb_users>
			<nb_actions_per_visit>0</nb_actions_per_visit>
			<avg_time_on_site>00:00:00</avg_time_on_site>
			<bounce_rate>0%</bounce_rate>
			<revenue>$ 0</revenue>
		</row>
		<row>
			<label>9h</label>
			<nb_uniq_visitors>0</nb_uniq_visitors>
			<nb_visits>0</nb_visits>
			<nb_actions>0</nb_actions>
			<nb_users>0</nb_users>
			<nb_actions_per_visit>0</nb_actions_per_visit>
			<avg_time_on_site>00:00:00</avg_time_on_site>
			<bounce_rate>0%</bounce_rate>
			<revenue>$ 0</revenue>
		</row>
		<row>
			<label>10h</label>
			<nb_uniq_visitors>0</nb_uniq_visitors>
			<nb_visits>0</nb_visits>
			<nb_actions>0</nb_actions>
			<nb_users>0</nb_users>
			<nb_actions_per_visit>0</nb_actions_per_visit>
			<avg_time_on_site>00:00:00</avg_time_on_site>
			<bounce_rate>0%</bounce_rate>
			<revenue>$ 0</revenue>
		</row>
		<row>
			<label>13h</label>
			<nb_uniq_visitors>0</nb_uniq_visitors>
			<nb_visits>0</nb_visits>
			<nb_actions>0</nb_actions>
			<nb_users>0</nb_users>
			<nb_actions_per_visit>0</nb_actions_per_visit>
			<avg_time_on_site>00:00:00</avg_time_on_site>
			<bounce_rate>0%</bounce_rate>
			<revenue>$ 0</revenue>
		</row>
		<row>
			<label>14h</label>
			<nb_uniq_visitors>0</nb_uniq_visitors>
			<nb_visits>0</nb_visits>
			<nb_actions>0</nb_actions>
			<nb_users>0</nb_users>
			<nb_actions_per_visit>0</nb_actions_per_visit>
			<avg_time_on_site>00:00:00</avg_time_on_site>
			<bounce_rate>0%</bounce_rate>
			<revenue>$ 0</revenue>
		</row>
		<row>
			<label>15h</label>
			<nb_uniq_visitors>0</nb_uniq_visitors>
			<nb_visits>0</nb_visits>
			<nb_actions>0</nb_actions>
			<nb_users>0</nb_users>
			<nb_actions_per_visit>0</nb_actions_per_visit>
			<avg_time_on_site>00:00:00</avg_time_on_site>
			<bounce_rate>0%</bounce_rate>
			<revenue>$ 0</revenue>
		</row>
		<row>
			<label>16h</label>
			<nb_uniq_visitors>0</nb_uniq_visitors>
			<nb_visits>0</nb_visits>
			<nb_actions>0</nb_actions>
			<nb_users>0</nb_users>
			<nb_actions_per_visit>0</nb_actions_per_visit>
			<avg_time_on_site>00:00:00</avg_time_on_site>
			<bounce_rate>0%</bounce_rate>
			<revenue>$ 0</revenue>
		</row>
		<row>
			<label>17h</label>
			<nb_uniq_visitors>0</nb_uniq_visitors>
			<nb_visits>0</nb_visits>
			<nb_actions>0</nb_actions>
			<nb_users>0</nb_users>
			<nb_actions_per_visit>0</nb_actions_per_visit>
			<avg_time_on_site>00:00:00</avg_time_on_site>
			<bounce_rate>0%</bounce_rate>
			<revenue>$ 0</revenue>
		</row>
		<row>
			<label>18h</label>
			<nb_uniq_visitors>0</nb_uniq_visitors>
			<nb_visits>0</nb_visits>
			<nb_actions>0</nb_actions>
			<nb_users>0</nb_users>
			<nb_actions_per_visit>0</nb_actions_per_visit>
			<avg_time_on_site>00:00:00</avg_time_on_site>
			<bounce_rate>0%</bounce_rate>
			<revenue>$ 0</revenue>
		</row>
		<row>
			<label>19h</label>
			<nb_uniq_visitors>0</nb_uniq_visitors>
			<nb_visits>0</nb_visits>
			<nb_actions>0</nb_actions>
			<nb_users>0</nb_users>
			<nb_actions_per_visit>0</nb_actions_per_visit>
			<avg_time_on_site>00:00:00</avg_time_on_site>
			<bounce_rate>0%</bounce_rate>
			<revenue>$ 0</revenue>
		</row>
		<row>
			<label>20h</label>
			<nb_uniq_visitors>0</nb_uniq_visitors>
			<nb_visits>0</nb_visits>
			<nb_actions>0</nb_actions>
			<nb_users>0</nb_users>
			<nb_actions_per_visit>0</nb_actions_per_visit>
			<avg_time_on_site>00:00:00</avg_time_on_site>
			<bounce_rate>0%</bounce_rate>
			<revenue>$ 0</revenue>
		</row>
		<row>
			<label>21h</label>
			<nb_uniq_visitors>0</nb_uniq_visitors>
			<nb_visits>0</nb_visits>
			<nb_actions>0</nb_actions>
			<nb_users>0</nb_users>
			<nb_actions_per_visit>0</nb_actions_per_visit>
			<avg_time_on_site>00:00:00</avg_time_on_site>
			<bounce_rate>0%</bounce_rate>
			<revenue>$ 0</revenue>
		</row>
		<row>
			<label>22h</label>
			<nb_uniq_visitors>0</nb_uniq_visitors>
			<nb_visits>0</nb_visits>
			<nb_actions>0</nb_actions>
			<nb_users>0</nb_users>
			<nb_actions_per_visit>0</nb_actions_per_visit>
			<avg_time_on_site>00:00:00</avg_time_on_site>
			<bounce_rate>0%</bounce_rate>
			<revenue>$ 0</revenue>
		</row>
		<row>
			<label>23h</label>
			<nb_uniq_visitors>0</nb_uniq_visitors>
			<nb_visits>0</nb_visits>
			<nb_actions>0</nb_actions>
			<nb_users>0</nb_users>
			<nb_actions_per_visit>0</nb_actions_per_visit>
			<avg_time_on_site>00:00:00</avg_time_on_site>
			<bounce_rate>0%</bounce_rate>
			<revenue>$ 0</revenue>
		</row>
	</reportData>
	<reportMetadata>
		<row>
			<segmentFilter>visitServerHour==12</segmentFilter>
		</row>
		<row>
			<segmentFilter>visitServerHour==11</segmentFilter>
		</row>
		<row>
			<segmentFilter>visitServerHour==0</segmentFilter>
		</row>
		<row>
			<segmentFilter>visitServerHour==1</segmentFilter>
		</row>
		<row>
			<segmentFilter>visitServerHour==2</segmentFilter>
		</row>
		<row>
			<segmentFilter>visitServerHour==3</segmentFilter>
		</row>
		<row>
			<segmentFilter>visitServerHour==4</segmentFilter>
		</row>
		<row>
			<segmentFilter>visitServerHour==5</segmentFilter>
		</row>
		<row>
			<segmentFilter>visitServerHour==6</segmentFilter>
		</row>
		<row>
			<segmentFilter>visitServerHour==7</segmentFilter>
		</row>
		<row>
			<segmentFilter>visitServerHour==8</segmentFilter>
		</row>
		<row>
			<segmentFilter>visitServerHour==9</segmentFilter>
		</row>
		<row>
			<segmentFilter>visitServerHour==10</segmentFilter>
		</row>
		<row>
			<segmentFilter>visitServerHour==13</segmentFilter>
		</row>
		<row>
			<segmentFilter>visitServerHour==14</segmentFilter>
		</row>
		<row>
			<segmentFilter>visitServerHour==15</segmentFilter>
		</row>
		<row>
			<segmentFilter>visitServerHour==16</segmentFilter>
		</row>
		<row>
			<segmentFilter>visitServerHour==17</segmentFilter>
		</row>
		<row>
			<segmentFilter>visitServerHour==18</segmentFilter>
		</row>
		<row>
			<segmentFilter>visitServerHour==19</segmentFilter>
		</row>
		<row>
			<segmentFilter>visitServerHour==20</segmentFilter>
		</row>
		<row>
			<segmentFilter>visitServerHour==21</segmentFilter>
		</row>
		<row>
			<segmentFilter>visitServerHour==22</segmentFilter>
		</row>
		<row>
			<segmentFilter>visitServerHour==23</segmentFilter>
		</row>
	</reportMetadata>
	<reportTotal>
		<nb_visits>8</nb_visits>
		<nb_uniq_visitors>8</nb_uniq_visitors>
		<nb_actions>16</nb_actions>
		<nb_visits_converted>0</nb_visits_converted>
		<bounce_count>4</bounce_count>
	</reportTotal>
</result>