<?xml version="1.0" encoding="utf-8" ?>
<result>
	<row>
		<label>Chrome</label>
		<nb_visits>8</nb_visits>
		<nb_actions>8</nb_actions>
		<max_actions>1</max_actions>
		<sum_visit_length>1</sum_visit_length>
		<bounce_count>8</bounce_count>
		<nb_visits_converted>8</nb_visits_converted>
		<sum_daily_nb_uniq_visitors>7</sum_daily_nb_uniq_visitors>
		<sum_daily_nb_users>1</sum_daily_nb_users>
		<logo>plugins/DevicesDetection/images/browsers/CH.gif</logo>
		<segmentFilter>browserCode==CH</segmentFilter>
	</row>
	<row>
		<label>Internet Explorer</label>
		<nb_visits>7</nb_visits>
		<nb_actions>8</nb_actions>
		<max_actions>2</max_actions>
		<sum_visit_length>242</sum_visit_length>
		<bounce_count>6</bounce_count>
		<nb_visits_converted>7</nb_visits_converted>
		<sum_daily_nb_uniq_visitors>7</sum_daily_nb_uniq_visitors>
		<sum_daily_nb_users>0</sum_daily_nb_users>
		<logo>plugins/DevicesDetection/images/browsers/IE.gif</logo>
		<segmentFilter>browserCode==IE</segmentFilter>
	</row>
	<row>
		<label>Epiphany</label>
		<nb_visits>5</nb_visits>
		<nb_actions>5</nb_actions>
		<max_actions>1</max_actions>
		<sum_visit_length>0</sum_visit_length>
		<bounce_count>5</bounce_count>
		<nb_visits_converted>5</nb_visits_converted>
		<sum_daily_nb_uniq_visitors>5</sum_daily_nb_uniq_visitors>
		<sum_daily_nb_users>0</sum_daily_nb_users>
		<logo>plugins/DevicesDetection/images/browsers/EP.gif</logo>
		<segmentFilter>browserCode==EP</segmentFilter>
	</row>
	<row>
		<label>RockMelt</label>
		<nb_visits>5</nb_visits>
		<nb_actions>8</nb_actions>
		<max_actions>3</max_actions>
		<sum_visit_length>305</sum_visit_length>
		<bounce_count>3</bounce_count>
		<nb_visits_converted>4</nb_visits_converted>
		<sum_daily_nb_uniq_visitors>5</sum_daily_nb_uniq_visitors>
		<sum_daily_nb_users>0</sum_daily_nb_users>
		<logo>plugins/DevicesDetection/images/browsers/CH.gif</logo>
		<segmentFilter>browserCode==RM</segmentFilter>
	</row>
	<row>
		<label>Unknown</label>
		<nb_visits>5</nb_visits>
		<nb_actions>5</nb_actions>
		<max_actions>1</max_actions>
		<sum_visit_length>0</sum_visit_length>
		<bounce_count>5</bounce_count>
		<nb_visits_converted>2</nb_visits_converted>
		<sum_daily_nb_uniq_visitors>5</sum_daily_nb_uniq_visitors>
		<sum_daily_nb_users>0</sum_daily_nb_users>
		<logo>plugins/DevicesDetection/images/browsers/UNK.gif</logo>
		<segmentFilter>browserCode==UNK</segmentFilter>
	</row>
	<row>
		<label>Android Browser</label>
		<nb_visits>2</nb_visits>
		<nb_actions>2</nb_actions>
		<max_actions>1</max_actions>
		<sum_visit_length>0</sum_visit_length>
		<bounce_count>2</bounce_count>
		<nb_visits_converted>2</nb_visits_converted>
		<sum_daily_nb_uniq_visitors>2</sum_daily_nb_uniq_visitors>
		<sum_daily_nb_users>0</sum_daily_nb_users>
		<logo>plugins/DevicesDetection/images/browsers/AN.gif</logo>
		<segmentFilter>browserCode==AN</segmentFilter>
	</row>
	<row>
		<label>Firefox</label>
		<nb_visits>2</nb_visits>
		<nb_actions>2</nb_actions>
		<max_actions>1</max_actions>
		<sum_visit_length>0</sum_visit_length>
		<bounce_count>2</bounce_count>
		<nb_visits_converted>2</nb_visits_converted>
		<sum_daily_nb_uniq_visitors>2</sum_daily_nb_uniq_visitors>
		<sum_daily_nb_users>0</sum_daily_nb_users>
		<logo>plugins/DevicesDetection/images/browsers/FF.gif</logo>
		<segmentFilter>browserCode==FF</segmentFilter>
	</row>
	<row>
		<label>Chrome Mobile</label>
		<nb_visits>1</nb_visits>
		<nb_actions>2</nb_actions>
		<max_actions>2</max_actions>
		<sum_visit_length>2</sum_visit_length>
		<bounce_count>0</bounce_count>
		<nb_visits_converted>1</nb_visits_converted>
		<sum_daily_nb_uniq_visitors>1</sum_daily_nb_uniq_visitors>
		<sum_daily_nb_users>1</sum_daily_nb_users>
		<logo>plugins/DevicesDetection/images/browsers/CM.gif</logo>
		<segmentFilter>browserCode==CM</segmentFilter>
	</row>
</result>