<?xml version="1.0" encoding="utf-8" ?>
<result>
	<website>new name</website>
	<prettyDate>Saturday 6 March 2010</prettyDate>
	<metadata>
		<category>Visits Summary</category>
		<name>Visits by Server Time</name>
		<module>VisitTime</module>
		<action>getVisitInformationPerServerTime</action>
		<dimension>Server time</dimension>
		<documentation>This graph shows what time it was in the &lt;strong&gt; server's time zone &lt;/strong&gt; during the visits.</documentation>
		<metrics>
			<nb_visits>Visits</nb_visits>
		</metrics>
		<metricsDocumentation>
			<nb_visits>If a visitor comes to your website for the first time or if he visits a page more than 30 minutes after his last page view, this will be recorded as a new visit.</nb_visits>
		</metricsDocumentation>
		<constantRowsCount>1</constantRowsCount>
		<metricsGoal>
			<nb_conversions>Conversions</nb_conversions>
			<revenue>Revenue</revenue>
		</metricsGoal>
		<processedMetricsGoal>
			<revenue_per_visit>Revenue per Visit</revenue_per_visit>
		</processedMetricsGoal>
		<imageGraphUrl>index.php?module=API&amp;method=ImageGraph.get&amp;idSite=1&amp;apiModule=VisitTime&amp;apiAction=getVisitInformationPerServerTime&amp;period=day&amp;date=2010-03-06</imageGraphUrl>
		<uniqueId>VisitTime_getVisitInformationPerServerTime</uniqueId>
	</metadata>
	<columns>
		<label>Server time</label>
		<nb_visits>Visits</nb_visits>
		<revenue>Revenue</revenue>
	</columns>
	<reportData>
		<row>
			<label>0h</label>
			<nb_visits>0</nb_visits>
			<revenue>$ 0</revenue>
		</row>
		<row>
			<label>1h</label>
			<nb_visits>0</nb_visits>
			<revenue>$ 0</revenue>
		</row>
		<row>
			<label>2h</label>
			<nb_visits>0</nb_visits>
			<revenue>$ 0</revenue>
		</row>
		<row>
			<label>3h</label>
			<nb_visits>0</nb_visits>
			<revenue>$ 0</revenue>
		</row>
		<row>
			<label>4h</label>
			<nb_visits>0</nb_visits>
			<revenue>$ 0</revenue>
		</row>
		<row>
			<label>5h</label>
			<nb_visits>0</nb_visits>
			<revenue>$ 0</revenue>
		</row>
		<row>
			<label>6h</label>
			<nb_visits>0</nb_visits>
			<revenue>$ 0</revenue>
		</row>
		<row>
			<label>7h</label>
			<nb_visits>0</nb_visits>
			<revenue>$ 0</revenue>
		</row>
		<row>
			<label>8h</label>
			<nb_visits>0</nb_visits>
			<revenue>$ 0</revenue>
		</row>
		<row>
			<label>9h</label>
			<nb_visits>0</nb_visits>
			<revenue>$ 0</revenue>
		</row>
		<row>
			<label>10h</label>
			<nb_visits>0</nb_visits>
			<revenue>$ 0</revenue>
		</row>
		<row>
			<label>11h</label>
			<nb_visits>1</nb_visits>
			<revenue>$ 42</revenue>
		</row>
		<row>
			<label>12h</label>
			<nb_visits>1</nb_visits>
			<revenue>$ 1</revenue>
		</row>
		<row>
			<label>13h</label>
			<nb_visits>0</nb_visits>
			<revenue>$ 0</revenue>
		</row>
		<row>
			<label>14h</label>
			<nb_visits>0</nb_visits>
			<revenue>$ 0</revenue>
		</row>
		<row>
			<label>15h</label>
			<nb_visits>0</nb_visits>
			<revenue>$ 0</revenue>
		</row>
		<row>
			<label>16h</label>
			<nb_visits>0</nb_visits>
			<revenue>$ 0</revenue>
		</row>
		<row>
			<label>17h</label>
			<nb_visits>0</nb_visits>
			<revenue>$ 0</revenue>
		</row>
		<row>
			<label>18h</label>
			<nb_visits>0</nb_visits>
			<revenue>$ 0</revenue>
		</row>
		<row>
			<label>19h</label>
			<nb_visits>0</nb_visits>
			<revenue>$ 0</revenue>
		</row>
		<row>
			<label>20h</label>
			<nb_visits>0</nb_visits>
			<revenue>$ 0</revenue>
		</row>
		<row>
			<label>21h</label>
			<nb_visits>0</nb_visits>
			<revenue>$ 0</revenue>
		</row>
		<row>
			<label>22h</label>
			<nb_visits>0</nb_visits>
			<revenue>$ 0</revenue>
		</row>
		<row>
			<label>23h</label>
			<nb_visits>0</nb_visits>
			<revenue>$ 0</revenue>
		</row>
	</reportData>
	<reportMetadata>
		<row>
			<segmentFilter>visitServerHour==0</segmentFilter>
		</row>
		<row>
			<segmentFilter>visitServerHour==1</segmentFilter>
		</row>
		<row>
			<segmentFilter>visitServerHour==2</segmentFilter>
		</row>
		<row>
			<segmentFilter>visitServerHour==3</segmentFilter>
		</row>
		<row>
			<segmentFilter>visitServerHour==4</segmentFilter>
		</row>
		<row>
			<segmentFilter>visitServerHour==5</segmentFilter>
		</row>
		<row>
			<segmentFilter>visitServerHour==6</segmentFilter>
		</row>
		<row>
			<segmentFilter>visitServerHour==7</segmentFilter>
		</row>
		<row>
			<segmentFilter>visitServerHour==8</segmentFilter>
		</row>
		<row>
			<segmentFilter>visitServerHour==9</segmentFilter>
		</row>
		<row>
			<segmentFilter>visitServerHour==10</segmentFilter>
		</row>
		<row>
			<segmentFilter>visitServerHour==11</segmentFilter>
		</row>
		<row>
			<segmentFilter>visitServerHour==12</segmentFilter>
		</row>
		<row>
			<segmentFilter>visitServerHour==13</segmentFilter>
		</row>
		<row>
			<segmentFilter>visitServerHour==14</segmentFilter>
		</row>
		<row>
			<segmentFilter>visitServerHour==15</segmentFilter>
		</row>
		<row>
			<segmentFilter>visitServerHour==16</segmentFilter>
		</row>
		<row>
			<segmentFilter>visitServerHour==17</segmentFilter>
		</row>
		<row>
			<segmentFilter>visitServerHour==18</segmentFilter>
		</row>
		<row>
			<segmentFilter>visitServerHour==19</segmentFilter>
		</row>
		<row>
			<segmentFilter>visitServerHour==20</segmentFilter>
		</row>
		<row>
			<segmentFilter>visitServerHour==21</segmentFilter>
		</row>
		<row>
			<segmentFilter>visitServerHour==22</segmentFilter>
		</row>
		<row>
			<segmentFilter>visitServerHour==23</segmentFilter>
		</row>
	</reportMetadata>
	<reportTotal>
		<nb_visits>2</nb_visits>
	</reportTotal>
</result>