<?xml version="1.0" encoding="utf-8" ?>
<results>
	<result idSite="1">
		<result date="2010-01">
			<row>
				<label>/index.htm</label>
				<nb_visits>1</nb_visits>
				<nb_hits>1</nb_hits>
				<sum_time_spent>36</sum_time_spent>
				<nb_hits_following_search>1</nb_hits_following_search>
				<sum_daily_nb_uniq_visitors>1</sum_daily_nb_uniq_visitors>
				<avg_time_on_page>36</avg_time_on_page>
				<bounce_rate>0%</bounce_rate>
				<exit_rate>0%</exit_rate>
				<url>http://example.org/index.htm</url>
				<segmentFilter>pageUrl==http://example.org/index.htm</segmentFilter>
			</row>
			<row>
				<label>/index.htm?gkwd=SHOULD be a PageView, NOT a search</label>
				<nb_visits>1</nb_visits>
				<nb_hits>1</nb_hits>
				<sum_time_spent>0</sum_time_spent>
				<exit_nb_visits>1</exit_nb_visits>
				<sum_daily_nb_uniq_visitors>1</sum_daily_nb_uniq_visitors>
				<sum_daily_exit_nb_uniq_visitors>1</sum_daily_exit_nb_uniq_visitors>
				<avg_time_on_page>0</avg_time_on_page>
				<bounce_rate>0%</bounce_rate>
				<exit_rate>100%</exit_rate>
				<url>http://example.org/index.htm?gkwd=SHOULD be a PageView, NOT a search</url>
				<segmentFilter>pageUrl==http://example.org/index.htm?gkwd=SHOULD be a PageView%2C NOT a search</segmentFilter>
			</row>
			<row>
				<label>/index.htm?random=PAGEVIEW, NOT SEARCH&amp;mykwd=&amp;IS_FOLLOWING_SEARCH ONCE</label>
				<nb_visits>1</nb_visits>
				<nb_hits>2</nb_hits>
				<sum_time_spent>216</sum_time_spent>
				<nb_hits_following_search>1</nb_hits_following_search>
				<sum_daily_nb_uniq_visitors>1</sum_daily_nb_uniq_visitors>
				<avg_time_on_page>216</avg_time_on_page>
				<bounce_rate>0%</bounce_rate>
				<exit_rate>0%</exit_rate>
				<url>http://example.org/index.htm?random=PAGEVIEW, NOT SEARCH&amp;mykwd=&amp;IS_FOLLOWING_SEARCH ONCE</url>
				<segmentFilter>pageUrl==http://example.org/index.htm?random=PAGEVIEW%2C NOT SEARCH%26mykwd=%26IS_FOLLOWING_SEARCH ONCE</segmentFilter>
			</row>
		</result>
		<result date="2010-02" />
		<result date="2010-03" />
		<result date="2010-04" />
		<result date="2010-05" />
		<result date="2010-06" />
		<result date="2010-07" />
	</result>
	<result idSite="2">
		<result date="2010-01">
			<row>
				<label>/index.htm?q=Search 1&amp;IsPageView=1</label>
				<nb_visits>1</nb_visits>
				<nb_hits>1</nb_hits>
				<sum_time_spent>540</sum_time_spent>
				<entry_nb_visits>1</entry_nb_visits>
				<entry_nb_actions>5</entry_nb_actions>
				<entry_sum_visit_length>1081</entry_sum_visit_length>
				<entry_bounce_count>0</entry_bounce_count>
				<sum_daily_nb_uniq_visitors>1</sum_daily_nb_uniq_visitors>
				<sum_daily_entry_nb_uniq_visitors>1</sum_daily_entry_nb_uniq_visitors>
				<avg_time_on_page>540</avg_time_on_page>
				<bounce_rate>0%</bounce_rate>
				<exit_rate>0%</exit_rate>
				<url>http://example.org/index.htm?q=Search 1&amp;IsPageView=1</url>
				<segmentFilter>pageUrl==http://example.org/index.htm?q=Search 1%26IsPageView=1</segmentFilter>
			</row>
			<row>
				<label>/index.htm?random=PAGEVIEW, NOT SEARCH&amp;gcat=Cat not but not keyword, so this is not search</label>
				<nb_visits>1</nb_visits>
				<nb_hits>1</nb_hits>
				<sum_time_spent>180</sum_time_spent>
				<sum_daily_nb_uniq_visitors>1</sum_daily_nb_uniq_visitors>
				<avg_time_on_page>180</avg_time_on_page>
				<bounce_rate>0%</bounce_rate>
				<exit_rate>0%</exit_rate>
				<url>http://example.org/index.htm?random=PAGEVIEW, NOT SEARCH&amp;gcat=Cat not but not keyword, so this is not search</url>
				<segmentFilter>pageUrl==http://example.org/index.htm?random=PAGEVIEW%2C NOT SEARCH%26gcat=Cat not but not keyword%2C so this is not search</segmentFilter>
			</row>
		</result>
		<result date="2010-02" />
		<result date="2010-03" />
		<result date="2010-04" />
		<result date="2010-05" />
		<result date="2010-06" />
		<result date="2010-07" />
	</result>
	<result idSite="3">
		<result date="2010-01">
			<row>
				<label>/index.htm?, Íslenska, Italiano, 日本語, ქართული, 한국어, Lietuvių, Latviešu, Norsk (bokmål), Nederlands, Norsk (nynorsk), Polski, Português brasileiro, Português, Română, Русский, Slovensky, Slovenščina, Shqip, Srpski, Svenska, తెలుగు, ภาษาไทย, Türkçe, Українська, 简体中文, 繁體中文.</label>
				<nb_visits>1</nb_visits>
				<nb_hits>1</nb_hits>
				<sum_time_spent>0</sum_time_spent>
				<exit_nb_visits>1</exit_nb_visits>
				<sum_daily_nb_uniq_visitors>1</sum_daily_nb_uniq_visitors>
				<sum_daily_exit_nb_uniq_visitors>1</sum_daily_exit_nb_uniq_visitors>
				<avg_time_on_page>0</avg_time_on_page>
				<bounce_rate>0%</bounce_rate>
				<exit_rate>100%</exit_rate>
				<url>http://example.org/index.htm?%2C%20%C3%8Dslenska%2C%20Italiano%2C%20%E6%97%A5%E6%9C%AC%E8%AA%9E%2C%20%E1%83%A5%E1%83%90%E1%83%A0%E1%83%97%E1%83%A3%E1%83%9A%E1%83%98%2C%20%ED%95%9C%EA%B5%AD%EC%96%B4%2C%20Lietuvi%C5%B3%2C%20Latvie%C5%A1u%2C%20Norsk%20(bokm%C3%A5l)%2C%20Nederlands%2C%20Norsk%20(nynorsk)%2C%20Polski%2C%20Portugu%C3%AAs%20brasileiro%2C%20Portugu%C3%AAs%2C%20Rom%C3%A2n%C4%83%2C%20%D0%A0%D1%83%D1%81%D1%81%D0%BA%D0%B8%D0%B9%2C%20Slovensky%2C%20Sloven%C5%A1%C4%8Dina%2C%20Shqip%2C%20Srpski%2C%20Svenska%2C%20%E0%B0%A4%E0%B1%86%E0%B0%B2%E0%B1%81%E0%B0%97%E0%B1%81%2C%20%E0%B8%A0%E0%B8%B2%E0%B8%A9%E0%B8%B2%E0%B9%84%E0%B8%97%E0%B8%A2%2C%20T%C3%BCrk%C3%A7e%2C%20%D0%A3%D0%BA%D1%80%D0%B0%D1%97%D0%BD%D1%81%D1%8C%D0%BA%D0%B0%2C%20%E7%AE%80%E4%BD%93%E4%B8%AD%E6%96%87%2C%20%E7%B9%81%E9%AB%94%E4%B8%AD%E6%96%87.</url>
				<segmentFilter>pageUrl==http://example.org/index.htm?%2C Íslenska%2C Italiano%2C 日本語%2C ქართული%2C 한국어%2C Lietuvių%2C Latviešu%2C Norsk (bokmål)%2C Nederlands%2C Norsk (nynorsk)%2C Polski%2C Português brasileiro%2C Português%2C Română%2C Русский%2C Slovensky%2C Slovenščina%2C Shqip%2C Srpski%2C Svenska%2C తెలుగు%2C ภาษาไทย%2C Türkçe%2C Українська%2C 简体中文%2C 繁體中文.</segmentFilter>
			</row>
			<row>
				<label>/index.htm?gkwd=test not a keyword&amp;gcat=Cat not but not keyword, so this is not search</label>
				<nb_visits>1</nb_visits>
				<nb_hits>1</nb_hits>
				<sum_time_spent>0</sum_time_spent>
				<sum_daily_nb_uniq_visitors>1</sum_daily_nb_uniq_visitors>
				<avg_time_on_page>0</avg_time_on_page>
				<bounce_rate>0%</bounce_rate>
				<exit_rate>0%</exit_rate>
				<url>http://example.org/index.htm?gkwd=test not a keyword&amp;gcat=Cat not but not keyword, so this is not search</url>
				<segmentFilter>pageUrl==http://example.org/index.htm?gkwd=test not a keyword%26gcat=Cat not but not keyword%2C so this is not search</segmentFilter>
			</row>
			<row>
				<label>/index.htm?q=Search 1&amp;IsPageView=1</label>
				<nb_visits>1</nb_visits>
				<nb_hits>1</nb_hits>
				<sum_time_spent>540</sum_time_spent>
				<entry_nb_visits>1</entry_nb_visits>
				<entry_nb_actions>3</entry_nb_actions>
				<entry_sum_visit_length>541</entry_sum_visit_length>
				<entry_bounce_count>0</entry_bounce_count>
				<sum_daily_nb_uniq_visitors>1</sum_daily_nb_uniq_visitors>
				<sum_daily_entry_nb_uniq_visitors>1</sum_daily_entry_nb_uniq_visitors>
				<avg_time_on_page>540</avg_time_on_page>
				<bounce_rate>0%</bounce_rate>
				<exit_rate>0%</exit_rate>
				<url>http://example.org/index.htm?q=Search 1&amp;IsPageView=1</url>
				<segmentFilter>pageUrl==http://example.org/index.htm?q=Search 1%26IsPageView=1</segmentFilter>
			</row>
		</result>
		<result date="2010-02" />
		<result date="2010-03" />
		<result date="2010-04" />
		<result date="2010-05" />
		<result date="2010-06" />
		<result date="2010-07" />
	</result>
</results>