<?xml version="1.0" encoding="utf-8" ?>
<result>
	<error message="Date format must be: YYYY-MM-DD, or 'today' or 'yesterday' or any keyword supported by the strtotime function (see http://php.net/strtotime for more information): 2010-12-15,2011-01-15
 
 --&gt; To temporarily debug this error further, set const PIWIK_PRINT_ERROR_BACKTRACE=true; in index.php" />
</result>